[
  {
    "COLUMN_NAME": "SYKMELDT_REGISTRERING_ID",
    "CHARACTER_MAXIMUM_LENGTH": 65535,
    "TYPE_NAME": "DECIMAL"
  },
  {
    "COLUMN_NAME": "AKTOR_ID",
    "CHARACTER_MAXIMUM_LENGTH": 20,
    "TYPE_NAME": "VARCHAR"
  },
  {
    "COLUMN_NAME": "OPPRETTET_DATO",
    "CHARACTER_MAXIMUM_LENGTH": 26,
    "TYPE_NAME": "TIMESTAMP"
  },
  {
    "COLUMN_NAME": "FREMTIDIG_SITUASJON",
    "CHARACTER_MAXIMUM_LENGTH": 30,
    "TYPE_NAME": "VARCHAR"
  },
  {
    "COLUMN_NAME": "TILBAKE_ETTER_52_UKER",
    "CHARACTER_MAXIMUM_LENGTH": 30,
    "TYPE_NAME": "VARCHAR"
  },
  {
    "COLUMN_NAME": "NUS_KODE",
    "CHARACTER_MAXIMUM_LENGTH": 6,
    "TYPE_NAME": "VARCHAR"
  },
  {
    "COLUMN_NAME": "UTDANNING_BESTATT",
    "CHARACTER_MAXIMUM_LENGTH": 10,
    "TYPE_NAME": "INTEGER"
  },
  {
    "COLUMN_NAME": "UTDANNING_GODKJENT_NORGE",
    "CHARACTER_MAXIMUM_LENGTH": 10,
    "TYPE_NAME": "INTEGER"
  },
  {
    "COLUMN_NAME": "ANDRE_UTFORDRINGER",
    "CHARACTER_MAXIMUM_LENGTH": 30,
    "TYPE_NAME": "VARCHAR"
  }
]