[
  {
    "COLUMN_NAME": "BRUKER_REGISTRERING_ID",
    "CHARACTER_MAXIMUM_LENGTH": 65535,
    "TYPE_NAME": "DECIMAL"
  },
  {
    "COLUMN_NAME": "AKTOR_ID",
    "CHARACTER_MAXIMUM_LENGTH": 20,
    "TYPE_NAME": "VARCHAR"
  },
  {
    "COLUMN_NAME": "OPPRETTET_DATO",
    "CHARACTER_MAXIMUM_LENGTH": 26,
    "TYPE_NAME": "TIMESTAMP"
  },
  {
    "COLUMN_NAME": "YRKESPRAKSIS",
    "CHARACTER_MAXIMUM_LENGTH": 7,
    "TYPE_NAME": "VARCHAR"
  },
  {
    "COLUMN_NAME": "NUS_KODE",
    "CHARACTER_MAXIMUM_LENGTH": 6,
    "TYPE_NAME": "VARCHAR"
  },
  {
    "COLUMN_NAME": "YRKESBESKRIVELSE",
    "CHARACTER_MAXIMUM_LENGTH": 200,
    "TYPE_NAME": "VARCHAR"
  },
  {
    "COLUMN_NAME": "KONSEPT_ID",
    "CHARACTER_MAXIMUM_LENGTH": 65535,
    "TYPE_NAME": "DECIMAL"
  },
  {
    "COLUMN_NAME": "UTDANNING_BESTATT",
    "CHARACTER_MAXIMUM_LENGTH": 10,
    "TYPE_NAME": "INTEGER"
  },
  {
    "COLUMN_NAME": "UTDANNING_GODKJENT_NORGE",
    "CHARACTER_MAXIMUM_LENGTH": 10,
    "TYPE_NAME": "INTEGER"
  },
  {
    "COLUMN_NAME": "HELSE_UTFORDRINGER",
    "CHARACTER_MAXIMUM_LENGTH": 10,
    "TYPE_NAME": "INTEGER"
  },
  {
    "COLUMN_NAME": "ANDRE_UTFORDRINGER",
    "CHARACTER_MAXIMUM_LENGTH": 10,
    "TYPE_NAME": "INTEGER"
  },
  {
    "COLUMN_NAME": "BEGRUNNELSE_FOR_REGISTRERING",
    "CHARACTER_MAXIMUM_LENGTH": 30,
    "TYPE_NAME": "VARCHAR"
  }
]