[
  {
    "COLUMN_NAME": "BRUKER_REGISTRERING_ID",
    "CHARACTER_MAXIMUM_LENGTH": 65535,
    "TYPE_NAME": "DECIMAL"
  },
  {
    "COLUMN_NAME": "PROFILERING_TYPE",
    "CHARACTER_MAXIMUM_LENGTH": 30,
    "TYPE_NAME": "VARCHAR"
  },
  {
    "COLUMN_NAME": "VERDI",
    "CHARACTER_MAXIMUM_LENGTH": 200,
    "TYPE_NAME": "VARCHAR"
  }
]