[
  {
    "COLUMN_NAME": "SITUASJON_ID",
    "CHARACTER_MAXIMUM_LENGTH": 65535,
    "TYPE_NAME": "DECIMAL"
  },
  {
    "COLUMN_NAME": "SITUASJON_KODE",
    "CHARACTER_MAXIMUM_LENGTH": 30,
    "TYPE_NAME": "VARCHAR"
  }
]