[
  {
    "COLUMN_NAME": "BRUKER_REAKTIVERING_ID",
    "CHARACTER_MAXIMUM_LENGTH": 65535,
    "TYPE_NAME": "DECIMAL"
  },
  {
    "COLUMN_NAME": "AKTOR_ID",
    "CHARACTER_MAXIMUM_LENGTH": 20,
    "TYPE_NAME": "VARCHAR"
  },
  {
    "COLUMN_NAME": "REAKTIVERING_DATO",
    "CHARACTER_MAXIMUM_LENGTH": 26,
    "TYPE_NAME": "TIMESTAMP"
  }
]