[
  {
    "COLUMN_NAME": "BRUKER_REGISTRERING_ID",
    "CHARACTER_MAXIMUM_LENGTH": 65535,
    "TYPE_NAME": "DECIMAL"
  },
  {
    "COLUMN_NAME": "TEKSTER_FOR_BESVARELSE",
    "CHARACTER_MAXIMUM_LENGTH": 4000,
    "TYPE_NAME": "VARCHAR"
  }
]